2026-01-18 18:37:40,573 - StudentSystem - INFO - ==================================================
2026-01-18 18:37:40,573 - StudentSystem - INFO - System started
2026-01-18 18:37:40,573 - StudentSystem - INFO - ==================================================
2026-01-18 18:37:40,573 - StudentSystem - INFO - Программа инициализирована
2026-01-18 18:37:40,573 - StudentSystem.database - INFO - Инициализация базы данных SQLite
2026-01-18 18:37:40,574 - StudentSystem.database - INFO - Подключение к базе данных успешно установлено
2026-01-18 18:37:40,581 - StudentSystem.database - INFO - Таблица studentsinfo проверена/создана
2026-01-18 18:37:40,582 - StudentSystem.database - INFO - Таблица admin проверена/создана
2026-01-18 18:37:40,582 - StudentSystem.database - INFO - База данных готова к использованию
2026-01-18 18:37:40,582 - StudentSystem - INFO - База данных успешно инициализирована
2026-01-18 18:37:40,582 - StudentSystem - INFO - Начало работы с системой
2026-01-18 18:38:02,828 - StudentSystem - INFO - Пользователь выбрал вход в систему
2026-01-18 18:38:02,829 - StudentSystem.auth - INFO - Начало процесса авторизации
2026-01-18 18:38:21,126 - StudentSystem.auth - INFO - Успешный вход пользователя: DCH
2026-01-18 18:38:21,127 - StudentSystem - INFO - Успешный вход в систему
2026-01-18 18:38:27,335 - StudentSystem - INFO - Пользователь выбрал опцию: 1
2026-01-18 18:38:27,336 - StudentSystem.operations - INFO - Начало добавления нового студента
2026-01-18 18:39:07,766 - StudentSystem.operations - INFO - Студент добавлен: Alex (sch_no: 2)
2026-01-18 18:39:16,034 - StudentSystem - INFO - Пользователь выбрал опцию: 2
2026-01-18 18:39:16,034 - StudentSystem.operations - INFO - Просмотр списка всех студентов
2026-01-18 18:39:16,036 - StudentSystem.operations - INFO - Найдено 2 студентов
2026-01-18 18:39:27,581 - StudentSystem - INFO - Пользователь выбрал опцию: 6
2026-01-18 18:39:27,581 - StudentSystem - INFO - Пользователь завершил работу программы
